{"canonical_json":"{\"initiator\":\"0000000000000000000000000000000000000000000000000000000000000000\",\"principal\":\"acc://example.acme\"}","header":{"initiator":"0000000000000000000000000000000000000000000000000000000000000000","principal":"acc://example.acme"}}