{"hash":"d7a8fbb307d7809469ca9abcb0082e4f8d5651e46d3cdb762d02d0bf37c9e592","input":"54686520717569636b2062726f776e20666f78206a756d7073206f76657220746865206c617a7920646f67","input_length":43}