{"canonical_json":"{\"initiator\":\"0000000000000000000000000000000000000000000000000000000000000000\",\"principal\":\"acc://example.acme\"}","hash":"d5506bf5c42c6449283e72d309fcb5a4022df1771cf18ad8345f880c535792a5","input_header":{"initiator":"0000000000000000000000000000000000000000000000000000000000000000","principal":"acc://example.acme"}}