{"hash":"72513e5a79e032a31716458e6e979b9e771c837c09001623ea9277ef034143b7","normalized_url":"acc://uppercase.acme","original_url":"ACC://UPPERCASE.ACME"}