{"hash":"3d953e8af200105e771633f0192160b63559f8e4dedd14a1cfad66317e9ccf25","normalized_url":"acc://alice.acme","original_url":"acc://alice.acme"}