{
  "type_name": "ActivateProtocolVersion",
  "generated_at": "2025-10-04T06:10:50.889614",
  "stage": "3.3",
  "json_data": {
    "Version": "sample_executorversion"
  },
  "test_scenarios": [
    {
      "name": "basic_serialization",
      "description": "Basic JSON serialization/deserialization for ActivateProtocolVersion",
      "data": {
        "Version": "sample_executorversion"
      }
    }
  ]
}