{
  "type_name": "CreateKeyBook",
  "generated_at": "2025-10-04T06:10:50.904087",
  "stage": "3.3",
  "json_data": {
    "Url": "acc://example.acme",
    "PublicKeyHash": "SGVsbG8gV29ybGQ=",
    "Authorities": "acc://example.acme"
  },
  "test_scenarios": [
    {
      "name": "basic_serialization",
      "description": "Basic JSON serialization/deserialization for CreateKeyBook",
      "data": {
        "Url": "acc://example.acme",
        "PublicKeyHash": "SGVsbG8gV29ybGQ=",
        "Authorities": "acc://example.acme"
      }
    }
  ]
}