{
  "type_name": "CreditRecipient",
  "generated_at": "2025-10-04T06:10:50.907420",
  "stage": "3.3",
  "json_data": {
    "Url": "acc://example.acme",
    "Amount": 42
  },
  "test_scenarios": [
    {
      "name": "basic_serialization",
      "description": "Basic JSON serialization/deserialization for CreditRecipient",
      "data": {
        "Url": "acc://example.acme",
        "Amount": 42
      }
    }
  ]
}