{
  "type_name": "FactomDataEntry",
  "generated_at": "2025-10-04T06:10:50.918957",
  "stage": "3.3",
  "json_data": {
    "AccountId": "0123456789abcdef0123456789abcdef0123456789abcdef0123456789abcdef",
    "Data": "SGVsbG8gV29ybGQ=",
    "ExtIds": "SGVsbG8gV29ybGQ="
  },
  "test_scenarios": [
    {
      "name": "basic_serialization",
      "description": "Basic JSON serialization/deserialization for FactomDataEntry",
      "data": {
        "AccountId": "0123456789abcdef0123456789abcdef0123456789abcdef0123456789abcdef",
        "Data": "SGVsbG8gV29ybGQ=",
        "ExtIds": "SGVsbG8gV29ybGQ="
      }
    }
  ]
}