{
  "type_name": "KeyPageOperationType",
  "generated_at": "2025-10-04T06:10:50.925761",
  "stage": "3.3",
  "json_data": {},
  "test_scenarios": [
    {
      "name": "basic_serialization",
      "description": "Basic JSON serialization/deserialization for KeyPageOperationType",
      "data": {}
    }
  ]
}