{
  "type_name": "NetworkGlobals",
  "generated_at": "2025-10-04T06:10:50.933499",
  "stage": "3.3",
  "json_data": {
    "OperatorAcceptThreshold": "sample_rational",
    "ValidatorAcceptThreshold": "sample_rational",
    "MajorBlockSchedule": "sample_string",
    "AnchorEmptyBlocks": true,
    "FeeSchedule": "sample_feeschedule",
    "Limits": "sample_networklimits"
  },
  "test_scenarios": [
    {
      "name": "basic_serialization",
      "description": "Basic JSON serialization/deserialization for NetworkGlobals",
      "data": {
        "OperatorAcceptThreshold": "sample_rational",
        "ValidatorAcceptThreshold": "sample_rational",
        "MajorBlockSchedule": "sample_string",
        "AnchorEmptyBlocks": true,
        "FeeSchedule": "sample_feeschedule",
        "Limits": "sample_networklimits"
      }
    }
  ]
}