{
  "type_name": "PartitionAnchorReceipt",
  "generated_at": "2025-10-04T06:10:50.938790",
  "stage": "3.3",
  "json_data": {
    "Anchor": "sample_partitionanchor",
    "RootChainReceipt": "sample_merkle.receipt"
  },
  "test_scenarios": [
    {
      "name": "basic_serialization",
      "description": "Basic JSON serialization/deserialization for PartitionAnchorReceipt",
      "data": {
        "Anchor": "sample_partitionanchor",
        "RootChainReceipt": "sample_merkle.receipt"
      }
    }
  ]
}