{
  "type_name": "RemoveKeyOperation",
  "generated_at": "2025-10-04T06:10:50.949632",
  "stage": "3.3",
  "json_data": {
    "Entry": "sample_keyspecparams"
  },
  "test_scenarios": [
    {
      "name": "basic_serialization",
      "description": "Basic JSON serialization/deserialization for RemoveKeyOperation",
      "data": {
        "Entry": "sample_keyspecparams"
      }
    }
  ]
}