{
  "type_name": "SetResponseThresholdKeyPageOperation",
  "generated_at": "2025-10-04T06:10:50.953583",
  "stage": "3.3",
  "json_data": {
    "Threshold": 42
  },
  "test_scenarios": [
    {
      "name": "basic_serialization",
      "description": "Basic JSON serialization/deserialization for SetResponseThresholdKeyPageOperation",
      "data": {
        "Threshold": 42
      }
    }
  ]
}