{
  "type_name": "SyntheticWriteData",
  "generated_at": "2025-10-04T06:10:50.959791",
  "stage": "3.3",
  "json_data": {
    "Entry": "sample_dataentry"
  },
  "test_scenarios": [
    {
      "name": "basic_serialization",
      "description": "Basic JSON serialization/deserialization for SyntheticWriteData",
      "data": {
        "Entry": "sample_dataentry"
      }
    }
  ]
}