{
  "type_name": "WriteDataTo",
  "generated_at": "2025-10-04T06:10:50.990147",
  "stage": "3.3",
  "json_data": {
    "Recipient": "acc://example.acme",
    "Entry": "sample_dataentry"
  },
  "test_scenarios": [
    {
      "name": "basic_serialization",
      "description": "Basic JSON serialization/deserialization for WriteDataTo",
      "data": {
        "Recipient": "acc://example.acme",
        "Entry": "sample_dataentry"
      }
    }
  ]
}