{"error":{"code":400,"message":"invalid request","type":"rpc"},"formatted":"RPC error: code=400, message=invalid request","input":{"code":400,"message":"invalid request"}}