{"construction_tests":[{"construction_method":"rpc_method","display":"RPC error: code=404, message=resource not found","error":{"code":404,"message":"resource not found","type":"rpc"}},{"construction_method":"from_string","display":"General error: string error","error":{"message":"string error","type":"general"}},{"construction_method":"from_str","display":"General error: str error","error":{"message":"str error","type":"general"}},{"construction_method":"general","display":"General error: direct general","error":{"message":"direct general","type":"general"}},{"construction_method":"network","display":"Network error: network issue","error":{"message":"network issue","type":"network"}},{"construction_method":"encoding","display":"Encoding error: encoding problem","error":{"message":"encoding problem","type":"encoding"}}],"description":"Testing different error construction methods"}