{"description":"Testing signature-specific error types","signature_error_tests":[{"main_error_display":"Signature error: Invalid signature format","signature_error_debug":"InvalidFormat","signature_error_display":"Invalid signature format","signature_error_type":"invalid_format"},{"main_error_display":"Signature error: Verification failed: bad signature","signature_error_debug":"VerificationFailed(\"bad signature\")","signature_error_display":"Verification failed: bad signature","signature_error_type":"verification_failed"},{"main_error_display":"Signature error: Unsupported signature type: unknown","signature_error_debug":"UnsupportedType(\"unknown\")","signature_error_display":"Unsupported signature type: unknown","signature_error_type":"unsupported_type"},{"main_error_display":"Signature error: Invalid public key","signature_error_debug":"InvalidPublicKey","signature_error_display":"Invalid public key","signature_error_type":"invalid_public_key"},{"main_error_display":"Signature error: Invalid signature bytes","signature_error_debug":"InvalidSignature","signature_error_display":"Invalid signature bytes","signature_error_type":"invalid_signature"},{"main_error_display":"Signature error: Cryptographic error: crypto failure","signature_error_debug":"Crypto(\"crypto failure\")","signature_error_display":"Cryptographic error: crypto failure","signature_error_type":"crypto_error"}]}