{"canonical_json":"{\"PublicKey\":\"0000000000000000000000000000000000000000000000000000000000000000\",\"Signature\":\"00000000000000000000000000000000000000000000000000000000000000000000000000000000000000000000000000000000000000000000000000000000\",\"Signer\":\"acc://legacy.acme/book/1\",\"SignerVersion\":1,\"Timestamp\":1234567890,\"TransactionHash\":null,\"Vote\":null,\"type\":\"legacyED25519\"}","signature":{"PublicKey":"0000000000000000000000000000000000000000000000000000000000000000","Signature":"00000000000000000000000000000000000000000000000000000000000000000000000000000000000000000000000000000000000000000000000000000000","Signer":"acc://legacy.acme/book/1","SignerVersion":1,"Timestamp":1234567890,"TransactionHash":null,"Vote":null,"type":"legacyED25519"}}