{"max_allowed_depth":5,"rule":"depth <= 5 passes, depth > 5 fails","test_results":[{"actual_pass":true,"calculated_depth":0,"depth":0,"enforcement_error":"none","expected_pass":true},{"actual_pass":true,"calculated_depth":1,"depth":1,"enforcement_error":"none","expected_pass":true},{"actual_pass":true,"calculated_depth":3,"depth":3,"enforcement_error":"none","expected_pass":true},{"actual_pass":true,"calculated_depth":5,"depth":5,"enforcement_error":"none","expected_pass":true},{"actual_pass":false,"calculated_depth":6,"depth":6,"enforcement_error":"delegation depth exceeded (max 5)","expected_pass":false},{"actual_pass":false,"calculated_depth":10,"depth":10,"enforcement_error":"delegation depth exceeded (max 5)","expected_pass":false}]}