{"description":"Testing delegation depth with different leaf signature types","test_results":[{"delegated_depth":1,"delegated_passes":true,"leaf_depth":0,"leaf_passes":true,"signature_type":"ed25519_leaf"},{"delegated_depth":1,"delegated_passes":true,"leaf_depth":0,"leaf_passes":true,"signature_type":"legacy_ed25519_leaf"},{"delegated_depth":1,"delegated_passes":true,"leaf_depth":0,"leaf_passes":true,"signature_type":"rcd1_leaf"}]}