{
  "Cause": "0000000000000000000000000000000000000000000000000000000000000000",
  "TransactionHash": "0000000000000000000000000000000000000000000000000000000000000000",
  "type": "internal"
}