{
  "description": "Transaction signing test vectors for Accumulate",
  "vectors": [
    {
      "name": "simple_send_tokens",
      "privateKey": "0123456789abcdef0123456789abcdef0123456789abcdef0123456789abcdef",
      "publicKey": "207a067892821e25d770f1fba0c47c11ff4b813e54162ece9eb839e076231ab6",
      "transaction": {
        "header": {
          "principal": "acc://alice.acme/tokens",
          "timestamp": 1234567890123
        },
        "body": {
          "type": "send-tokens",
          "to": [
            {
              "url": "acc://bob.acme/tokens",
              "amount": "1000"
            }
          ]
        }
      },
      "canonicalJSON": "{\"body\":{\"to\":[{\"amount\":\"1000\",\"url\":\"acc://bob.acme/tokens\"}],\"type\":\"send-tokens\"},\"header\":{\"principal\":\"acc://alice.acme/tokens\",\"timestamp\":1234567890123}}",
      "txHash": "4be49c59c717f1984646998cecac0e5225378d9bbe2e18928272a85b7dfcb608",
      "signature": "00000000000000000000000000000000000000000000000000000000000000000000000000000000000000000000000000000000000000000000000000000000"
    },
    {
      "name": "create_identity",
      "privateKey": "fedcba9876543210fedcba9876543210fedcba9876543210fedcba9876543210",
      "publicKey": "568fa5531c7d74d27140d1ae964ff3c0b19f556fc23a879b251495fc1ba78631",
      "transaction": {
        "header": {
          "principal": "acc://alice.acme",
          "timestamp": 1234567890456
        },
        "body": {
          "type": "create-identity",
          "url": "acc://alice.acme",
          "keyBook": {
            "publicKeyHash": "3b6a27bcceb6a42d62a3a8d02a6f0d73653215771de243a63ac048a18b59da29"
          }
        }
      },
      "canonicalJSON": "{\"body\":{\"keyBook\":{\"publicKeyHash\":\"3b6a27bcceb6a42d62a3a8d02a6f0d73653215771de243a63ac048a18b59da29\"},\"type\":\"create-identity\",\"url\":\"acc://alice.acme\"},\"header\":{\"principal\":\"acc://alice.acme\",\"timestamp\":1234567890456}}",
      "txHash": "d967b7faa4eef85d8a9b2375fabab8eeb7db826425938d81d77fdecfbf69fb9c",
      "signature": "11111111111111111111111111111111111111111111111111111111111111111111111111111111111111111111111111111111111111111111111111111111"
    }
  ]
}