{"canonical_result":"{\"alpha\":\"letter\",\"beta\":\"test\",\"zebra\":\"animal\"}","deterministic":true,"input1":{"alpha":"letter","beta":"test","zebra":"animal"},"input2":{"alpha":"letter","beta":"test","zebra":"animal"}}