{
  "type": "ed25519",
  "publicKey": "dff03fddf03d29a1f45daf8e9f2bd7c68ee3f2989b0c6c3385946d20f04b4926",
  "signature": "cff669b816312fbac709f12b0d18a96bcab6a570c27b2d13f662a04afdfeb36f59ddb9249f803677ed928e27500b7c35aebce432141ea9e3af1eb8fbb901420a",
  "message": "test message for signature verification",
  "messageHash": "8e7143be64cf4f08c26ee838a6af0c50c2dd8b17f546fd6351a25e85df2d5516"
}