{
  "description": "Transaction signing test vectors for Accumulate",
  "vectors": [
    {
      "name": "simple_send_tokens",
      "privateKey": "0123456789abcdef0123456789abcdef0123456789abcdef0123456789abcdef",
      "publicKey": "3b6a27bcceb6a42d62a3a8d02a6f0d73653215771de243a63ac048a18b59da29",
      "transaction": {
        "header": {
          "principal": "acc://alice.acme/tokens",
          "timestamp": 1234567890123
        },
        "body": {
          "type": "send-tokens",
          "to": [
            {
              "url": "acc://bob.acme/tokens",
              "amount": "1000"
            }
          ]
        }
      },
      "canonicalJSON": "{\"body\":{\"to\":[{\"amount\":\"1000\",\"url\":\"acc://bob.acme/tokens\"}],\"type\":\"send-tokens\"},\"header\":{\"principal\":\"acc://alice.acme/tokens\",\"timestamp\":1234567890123}}",
      "txHash": "4be49c59c717f1984646998cecac0e5225378d9bbe2e18928272a85b7dfcb608",
      "signature": "00000000000000000000000000000000000000000000000000000000000000000000000000000000000000000000000000000000000000000000000000000000"
    },
    {
      "name": "create_identity",
      "privateKey": "fedcba9876543210fedcba9876543210fedcba9876543210fedcba9876543210",
      "publicKey": "8f79b4c1a87c9c5a2e2a4c5b93d7e8f9a1b2c3d4e5f6071819202122232425",
      "transaction": {
        "header": {
          "principal": "acc://alice.acme",
          "timestamp": 1234567890456
        },
        "body": {
          "type": "create-identity",
          "url": "acc://alice.acme",
          "keyBook": {
            "publicKeyHash": "3b6a27bcceb6a42d62a3a8d02a6f0d73653215771de243a63ac048a18b59da29"
          }
        }
      },
      "canonicalJSON": "{\"body\":{\"keyBook\":{\"publicKeyHash\":\"3b6a27bcceb6a42d62a3a8d02a6f0d73653215771de243a63ac048a18b59da29\"},\"type\":\"create-identity\",\"url\":\"acc://alice.acme\"},\"header\":{\"principal\":\"acc://alice.acme\",\"timestamp\":1234567890456}}",
      "txHash": "d967b7faa4eef85d8a9b2375fabab8eeb7db826425938d81d77fdecfbf69fb9c",
      "signature": "11111111111111111111111111111111111111111111111111111111111111111111111111111111111111111111111111111111111111111111111111111111"
    }
  ]
}